
Date: Thu, 16 Apr 2009 21:26:52 -0500
From: Mikeyy Mooney <iammikeyy@...il.com>
To: full-disclosure@...ts.grok.org.uk
Subject: [/bin/sh] Tweet Tweet....hax hax....

Last night, Twitter was in a state in panic over a ‘worm’ that had
exploited the site. Unlike previous bugs which required you click a
link of some sort, users could be affected by simply visiting someone
else’s profile.
......
“I am the person who coded the XSS which then acted as a worm when it
auto updated a users profile and status, which then infected other
users who viewed their profile. I did this out of boredom, to be
honest......

http://www.bnonews.com/news/242.html

This is what happens to media whores....

http://red247.net/rawr.sql.gz
http://red247.net/stalk.tar.gz

      #  ######   ###  #     #        #   #####   #     #
     #   #     #   #   ##    #       #   #     #  #     #
    #    #     #   #   # #   #      #    #        #     #
   #     ######    #   #  #  #     #      #####   #######
  #      #     #   #   #   # #    #            #  #     #
 #       #     #   #   #    ##   #       #     #  #     #
#        ######   ###  #     #  #         #####   #     #
		   We dont give a FUCK!

		    haxyou? haxed you!


[root@...ver:~]# uname -a
Linux server.michangelomooney.com 2.6.18-92.1.22.el5xen #1 SMP Tue Dec
16 13:08:49 EST 2008 i686 i686 i386 GNU/Linux
[root@...ver:~]# id
uid=0(root) gid=0(root)
groups=0(root),1(bin),2(daemon),3(sys),4(adm),6(disk),10(wheel)
[root@...ver:~]# uptime
 19:10:42 up 1 day, 23:02,  1 user,  load average: 0.08, 0.03, 0.01
[root@...ver:~]# last -a -n 50
root     pts/0        Thu Apr 16 03:17 - 07:31  (04:13)
adsl-33-96-185.shv.bellsouth.net
root     pts/0        Tue Apr 14 20:09 - 22:21  (02:11)
adsl-226-179-254.shv.bellsouth.net
reboot   system boot  Tue Apr 14 20:08         (1+23:02)
2.6.18-92.1.22.el5xen
root     pts/0        Sun Apr 12 19:00 - crash (2+01:08)
adsl-241-233-242.shv.bellsouth.net
root     pts/0        Sun Apr 12 03:19 - 11:34  (08:15)
adsl-0-3-113.shv.bellsouth.net
root     pts/0        Sat Apr 11 15:22 - 19:53  (04:30)
adsl-157-166-46.mob.bellsouth.net
root     pts/0        Sat Apr 11 08:27 - 12:44  (04:17)
adsl-226-176-16.shv.bellsouth.net
reboot   system boot  Sat Apr 11 08:27         (5+10:43)
2.6.18-92.1.22.el5xen
root     pts/1        Sat Apr 11 07:10 - down   (01:16)
adsl-226-176-16.shv.bellsouth.net
root     pts/0        Sat Apr 11 05:10 - down   (03:15)
adsl-226-164-132.shv.bellsouth.net
root     pts/0        Sat Apr 11 05:09 - 05:09  (00:00)
adsl-226-164-132.shv.bellsouth.net
root     pts/2        Sat Apr 11 04:45 - 07:08  (02:23)
adsl-81-241-250.shv.bellsouth.net
root     pts/1        Sat Apr 11 02:50 - 06:20  (03:29)
adsl-153-178-59.shv.bellsouth.net
root     pts/0        Sat Apr 11 02:35 - 04:50  (02:14)
adsl-226-161-65.shv.bellsouth.net
reboot   system boot  Sat Apr 11 02:33          (05:52)
2.6.18-92.1.22.el5xen
root     pts/0        Sat Apr 11 02:14 - down   (00:17)
adsl-226-161-65.shv.bellsouth.net
root     pts/1        Fri Apr 10 18:15 - 21:08  (02:53)
adsl-81-241-247.shv.bellsouth.net
root     pts/0        Fri Apr 10 16:59 - 19:50  (02:50)
adsl-157-189-158.shv.bellsouth.net
root     pts/0        Thu Apr  9 09:40 - 11:17 (1+01:37)
adsl-0-59-240.shv.bellsouth.net
reboot   system boot  Thu Apr  9 09:36         (1+16:55)
2.6.18-92.1.22.el5xen
root     pts/1        Thu Apr  9 09:36 - down   (00:00)
adsl-0-59-240.shv.bellsouth.net
root     pts/0        Thu Apr  9 08:37 - down   (00:58)     64.38.10.126
root     pts/0        Thu Apr  9 08:27 - 08:34  (00:07)     64.38.10.126
root     pts/0        Thu Mar 26 13:56 - 16:32  (02:35)
adsl-0-62-34.shv.bellsouth.net
reboot   system boot  Thu Mar 26 13:50         (13+19:45)
2.6.18-92.1.22.el5xen
root     pts/0        Thu Mar 26 13:31 - down   (00:18)
adsl-0-62-34.shv.bellsouth.net
root     pts/0        Thu Mar 26 13:29 - 13:31  (00:01)
adsl-0-62-34.shv.bellsouth.net
reboot   system boot  Thu Mar 26 01:06          (12:43)
2.6.18-92.1.22.el5xen
reboot   system boot  Thu Mar 26 01:05          (00:00)
2.6.18-92.1.22.el5xen
reboot   system boot  Wed Mar 25 23:40          (01:24)
2.6.18-92.1.22.el5xen
root     pts/0        Wed Mar 25 17:40 - 17:45  (00:04)
adsl-81-241-57.shv.bellsouth.net
reboot   system boot  Wed Mar 25 15:33          (08:04)
2.6.18-92.1.22.el5xen
root     pts/0        Wed Mar 25 15:32 - down   (00:00)
adsl-0-11-165.shv.bellsouth.net
root     pts/0        Sun Mar 22 15:22 - 15:24  (00:02)
adsl-226-161-241.shv.bellsouth.net
reboot   system boot  Sun Mar 22 15:22         (3+00:10)
2.6.18-92.1.22.el5xen
root     pts/0        Sun Mar 22 15:22 - down   (00:00)
adsl-226-161-241.shv.bellsouth.net
root     pts/1        Mon Mar 16 07:07 - 09:18  (02:11)
adsl-226-164-85.shv.bellsouth.net
root     pts/0        Sun Mar 15 20:57 - 09:14  (12:16)
adsl-0-35-215.shv.bellsouth.net
reboot   system boot  Sun Mar 15 20:57         (6+18:24)
2.6.18-92.1.22.el5xen
root     pts/0        Sun Mar 15 20:07 - down   (00:49)
adsl-0-35-215.shv.bellsouth.net
reboot   system boot  Sun Mar 15 20:06          (00:50)
2.6.18-92.1.22.el5xen
root     pts/0        Sun Mar 15 19:55 - down   (00:10)
adsl-0-35-215.shv.bellsouth.net
root     pts/0        Sun Mar 15 18:14 - 19:55  (01:40)
adsl-0-35-215.shv.bellsouth.net
reboot   system boot  Sun Mar 15 18:14          (01:50)
2.6.18-92.1.22.el5xen
root     pts/0        Sun Mar 15 18:11 - 18:13  (00:01)
adsl-0-35-215.shv.bellsouth.net
reboot   system boot  Sun Mar 15 18:10          (00:02)
2.6.18-92.1.22.el5xen
reboot   system boot  Sun Mar 15 18:07          (00:02)
2.6.18-92.1.22.el5xen
root     pts/0        Sun Mar 15 16:46 - down   (01:18)
adsl-0-35-215.shv.bellsouth.net

wtmp begins Fri Dec 12 09:44:12 2008
[root@...ver:~]#
[root@...ver:~]# cat /etc/shadow
root:$1$vbgRI2SD$35soh7sTSvmF2CvhMxDnx1:14318:0:99999:7:::
[...]
empire:$1$P7jZo_6Z$7B9IaZQ8r2ya8s8dQ8dRN.:14226:0:99999:7:::
mich:$1$jH8gZTdo$3VUMEOJJxbh4G4j1f2LbA1:14318:0:99999:7:::
haxyou:$1$3PMsuVy8$1t13OlJXjdymccx1wQN9S.:14318:0:99999:7:::
stalk:$1$8nQkUvgw$fNA.mhN2c/3u07j7NjQUe/:14325:0:99999:7:::

[root@...ver:~]# ls /root
apache-ant-1.7.1             cpanel3-skel  public_html
red5-0.6.3.tar.gz    red5-0.6.3.tar.gz.1.1                     tmp
     wget-log
apache-ant-1.7.1-bin.tar.gz  public_ftp    red5
red5-0.6.3.tar.gz.1  rpmforge-release-0.3.6-1.el4.rf.i386.rpm
twitter.php
[root@...ver:~]# ls /home
MySQL-install  cpeasyapache  cpins  cprubybuild  cprubygemsbuild
empire  haxyou  mich  stalk
[root@...ver:~]#

[root@...ver:~]# ls -R /home/haxyou
/home/haxyou:
access-logs  etc  mail  public_ftp  public_html  tmp  www

/home/haxyou/etc:
haxyou.com

/home/haxyou/etc/haxyou.com:
@pwcache  passwd  passwd,v  quota  quota,v  shadow  shadow,v

/home/haxyou/etc/haxyou.com/@...ache:
admin

/home/haxyou/mail:
cur  haxyou.com  new  tmp

/home/haxyou/mail/cur:

/home/haxyou/mail/haxyou.com:
admin

/home/haxyou/mail/haxyou.com/admin:
courierpop3dsizelist  cur  maildirsize  new  tmp

/home/haxyou/mail/haxyou.com/admin/cur:
1239317095.H546077P26069.server.michangelomooney.com,S=5284:2,S
1239543745.H367892P18399.server.michangelomooney.com,S=2662:2,S
1239356287.H278398P25059.server.michangelomooney.com,S=71289:2,S
1239543745.H689774P18402.server.michangelomooney.com,S=2679:2,S
1239400896.H383395P26119.server.michangelomooney.com,S=3627:2,S
1239543749.H925814P18561.server.michangelomooney.com,S=2627:2,S
1239472879.H13598P14461.server.michangelomooney.com,S=3189:2,S
1239543768.H30469P18579.server.michangelomooney.com,S=2655:2,S
1239520388.H340931P22892.server.michangelomooney.com,S=1357:2,S
1239543770.H475591P18587.server.michangelomooney.com,S=2633:2,S
1239523243.H763352P25617.server.michangelomooney.com,S=1540:2,S
1239543772.H987583P18595.server.michangelomooney.com,S=2767:2,S
1239523273.H11205P25636.server.michangelomooney.com,S=2491:2,S
1239543779.H84304P18602.server.michangelomooney.com,S=2752:2,S
1239529075.H686508P741.server.michangelomooney.com,S=2665:2,S
1239543779.H891895P18606.server.michangelomooney.com,S=2646:2,S
1239542163.H294408P16090.server.michangelomooney.com,S=2628:2,S
1239543818.H225156P18635.server.michangelomooney.com,S=2626:2,S
1239542404.H278351P16458.server.michangelomooney.com,S=2750:2,S
1239543822.H175800P18641.server.michangelomooney.com,S=2646:2,S
1239542677.H990418P16911.server.michangelomooney.com,S=2644:2,S
1239543887.H635446P18704.server.michangelomooney.com,S=2606:2,S
1239542988.H837273P17387.server.michangelomooney.com,S=2719:2,S
1239543986.H4214P18815.server.michangelomooney.com,S=2688:2,S
1239543163.H959407P17671.server.michangelomooney.com,S=2643:2,S
1239760539.H449751P4511.server.michangelomooney.com,S=4450:2,S
1239543254.H657156P17749.server.michangelomooney.com,S=2632:2,S
1239761775.H917250P5598.server.michangelomooney.com,S=11077:2,S
1239543697.H222257P18349.server.michangelomooney.com,S=2769:2,S
1239769780.H338562P12654.server.michangelomooney.com,S=3068:2,S
1239543701.H769905P18360.server.michangelomooney.com,S=2627:2,S
1239776536.H31188P18960.server.michangelomooney.com,S=1816:2,S
1239543715.H589060P18373.server.michangelomooney.com,S=2623:2,S
1239817577.H329819P2766.server.michangelomooney.com,S=12963:2,S
1239543724.H559639P18380.server.michangelomooney.com,S=2620:2,S
1239822112.H726336P6839.server.michangelomooney.com,S=2775:2,S
1239543728.H879744P18385.server.michangelomooney.com,S=3189:2,S
1239876516.H341829P19621.server.michangelomooney.com,S=19166:2,S
1239543731.H467687P18389.server.michangelomooney.com,S=2610:2,S
1239876762.H133367P19820.server.michangelomooney.com,S=4347:2,S
1239543739.H699313P18393.server.michangelomooney.com,S=2661:2,S
1239877107.H740420P20051.server.michangelomooney.com,S=1591:2,S

/home/haxyou/mail/haxyou.com/admin/new:

/home/haxyou/mail/haxyou.com/admin/tmp:

/home/haxyou/mail/new:

/home/haxyou/mail/tmp:

/home/haxyou/public_ftp:
incoming

/home/haxyou/public_ftp/incoming:

/home/haxyou/public_html:

/home/haxyou/tmp:
analog  awstats  cpbandwidth  webalizer  webalizerftp

/home/haxyou/tmp/analog:
3.html  browrep.png  cache     dir.png      org.png  redirref.png
req.png      size.png
4.html  browsum.png  code.png  failref.png  os.png   refsite.png
searchw.png  type.png

/home/haxyou/tmp/awstats:

/home/haxyou/tmp/cpbandwidth:
haxyou.com-bytes_log

/home/haxyou/tmp/webalizer:
ctry_usage_200903.png  daily_usage_200903.png  dns_cache.db
 hourly_usage_200904.png  usage.png          usage_200904.html
webalizer.hist
ctry_usage_200904.png  daily_usage_200904.png  hourly_usage_200903.png
 index.html               usage_200903.html  webalizer.current

/home/haxyou/tmp/webalizerftp:
ctry_usage_200903.png  daily_usage_200903.png  dns_cache.db
 hourly_usage_200904.png  usage.png          usage_200904.html
webalizer.hist
ctry_usage_200904.png  daily_usage_200904.png  hourly_usage_200903.png
 index.html               usage_200903.html  webalizer.current
[root@...ver:~]#
[root@...ver:~]# ls -R /home/haxyou
/home/haxyou:
access-logs  etc  mail  public_ftp  public_html  tmp  www

/home/haxyou/etc:
haxyou.com

/home/haxyou/etc/haxyou.com:
@pwcache  passwd  passwd,v  quota  quota,v  shadow  shadow,v

/home/haxyou/etc/haxyou.com/@...ache:
admin

/home/haxyou/mail:
cur  haxyou.com  new  tmp

/home/haxyou/mail/cur:

/home/haxyou/mail/haxyou.com:
admin

/home/haxyou/mail/haxyou.com/admin:
courierpop3dsizelist  cur  maildirsize  new  tmp

/home/haxyou/mail/haxyou.com/admin/cur:
1239317095.H546077P26069.server.michangelomooney.com,S=5284:2,S
1239543745.H367892P18399.server.michangelomooney.com,S=2662:2,S
1239356287.H278398P25059.server.michangelomooney.com,S=71289:2,S
1239543745.H689774P18402.server.michangelomooney.com,S=2679:2,S
1239400896.H383395P26119.server.michangelomooney.com,S=3627:2,S
1239543749.H925814P18561.server.michangelomooney.com,S=2627:2,S
1239472879.H13598P14461.server.michangelomooney.com,S=3189:2,S
1239543768.H30469P18579.server.michangelomooney.com,S=2655:2,S
1239520388.H340931P22892.server.michangelomooney.com,S=1357:2,S
1239543770.H475591P18587.server.michangelomooney.com,S=2633:2,S
1239523243.H763352P25617.server.michangelomooney.com,S=1540:2,S
1239543772.H987583P18595.server.michangelomooney.com,S=2767:2,S
1239523273.H11205P25636.server.michangelomooney.com,S=2491:2,S
1239543779.H84304P18602.server.michangelomooney.com,S=2752:2,S
1239529075.H686508P741.server.michangelomooney.com,S=2665:2,S
1239543779.H891895P18606.server.michangelomooney.com,S=2646:2,S
1239542163.H294408P16090.server.michangelomooney.com,S=2628:2,S
1239543818.H225156P18635.server.michangelomooney.com,S=2626:2,S
1239542404.H278351P16458.server.michangelomooney.com,S=2750:2,S
1239543822.H175800P18641.server.michangelomooney.com,S=2646:2,S
1239542677.H990418P16911.server.michangelomooney.com,S=2644:2,S
1239543887.H635446P18704.server.michangelomooney.com,S=2606:2,S
1239542988.H837273P17387.server.michangelomooney.com,S=2719:2,S
1239543986.H4214P18815.server.michangelomooney.com,S=2688:2,S
1239543163.H959407P17671.server.michangelomooney.com,S=2643:2,S
1239760539.H449751P4511.server.michangelomooney.com,S=4450:2,S
1239543254.H657156P17749.server.michangelomooney.com,S=2632:2,S
1239761775.H917250P5598.server.michangelomooney.com,S=11077:2,S
1239543697.H222257P18349.server.michangelomooney.com,S=2769:2,S
1239769780.H338562P12654.server.michangelomooney.com,S=3068:2,S
1239543701.H769905P18360.server.michangelomooney.com,S=2627:2,S
1239776536.H31188P18960.server.michangelomooney.com,S=1816:2,S
1239543715.H589060P18373.server.michangelomooney.com,S=2623:2,S
1239817577.H329819P2766.server.michangelomooney.com,S=12963:2,S
1239543724.H559639P18380.server.michangelomooney.com,S=2620:2,S
1239822112.H726336P6839.server.michangelomooney.com,S=2775:2,S
1239543728.H879744P18385.server.michangelomooney.com,S=3189:2,S
1239876516.H341829P19621.server.michangelomooney.com,S=19166:2,S
1239543731.H467687P18389.server.michangelomooney.com,S=2610:2,S
1239876762.H133367P19820.server.michangelomooney.com,S=4347:2,S
1239543739.H699313P18393.server.michangelomooney.com,S=2661:2,S
1239877107.H740420P20051.server.michangelomooney.com,S=1591:2,S

/home/haxyou/mail/haxyou.com/admin/new:

/home/haxyou/mail/haxyou.com/admin/tmp:

/home/haxyou/mail/new:

/home/haxyou/mail/tmp:

/home/haxyou/public_ftp:
incoming

/home/haxyou/public_ftp/incoming:

/home/haxyou/public_html:

/home/haxyou/tmp:
analog  awstats  cpbandwidth  webalizer  webalizerftp

/home/haxyou/tmp/analog:
3.html  browrep.png  cache     dir.png      org.png  redirref.png
req.png      size.png
4.html  browsum.png  code.png  failref.png  os.png   refsite.png
searchw.png  type.png

/home/haxyou/tmp/awstats:

/home/haxyou/tmp/cpbandwidth:
haxyou.com-bytes_log

/home/haxyou/tmp/webalizer:
ctry_usage_200903.png  daily_usage_200903.png  dns_cache.db
 hourly_usage_200904.png  usage.png          usage_200904.html
webalizer.hist
ctry_usage_200904.png  daily_usage_200904.png  hourly_usage_200903.png
 index.html               usage_200903.html  webalizer.current

/home/haxyou/tmp/webalizerftp:
ctry_usage_200903.png  daily_usage_200903.png  dns_cache.db
 hourly_usage_200904.png  usage.png          usage_200904.html
webalizer.hist
ctry_usage_200904.png  daily_usage_200904.png  hourly_usage_200903.png
 index.html               usage_200903.html  webalizer.current
[root@...ver:~]#
[root@...ver:~]# cd /home/stalk
[root@...ver:/home/stalk]# ls
access-logs                             beta                   etc  m
   mobile      public_html  tmp  www
backup-4.12.2009_19-54-25_stalk.tar.gz  cpbackup-exclude.conf  img
mail  public_ftp  secure       vid
[root@...ver:/home/stalk]# cd www
[root@...ver:/home/stalk/www]# ls
activate.php                            facebook.php
inactive.php  logout.php    register.php  templates   twitter copy.php
 videos.php
admin                                   favicon.ico          include
    member        sms.php       test.html   updateall.php
allinfo.txt                             flash                index.php
    picture.php   stalkers.php  test1.html  updates.php
backup-4.11.2009_20-31-30_stalk.tar.gz  forgot_password.php  js
    pictures.php  stalking.php  test2.html  user.php
error                                   images               login.php
    privacy.php   styles        tos.php     video.php
[root@...ver:/home/stalk/www]# ls -R
.:
activate.php                            facebook.php
inactive.php  logout.php    register.php  templates   twitter copy.php
 videos.php
admin                                   favicon.ico          include
    member        sms.php       test.html   updateall.php
allinfo.txt                             flash                index.php
    picture.php   stalkers.php  test1.html  updates.php
backup-4.11.2009_20-31-30_stalk.tar.gz  forgot_password.php  js
    pictures.php  stalking.php  test2.html  user.php
error                                   images               login.php
    privacy.php   styles        tos.php     video.php

./admin:
deactivate-account.php

./error:
404.php

./flash:
index.html  player.swf  video.flv  webcam.swf

./images:
arr2.gif             bg-nutshell.jpg      cal_fastreverse.gif
icon-check.gif       icon_trash.gif  marker.png
round-btn.gif
background.gif       bg-register.gif      cal_forward.gif
icon-close.gif       input.gif       mask.png
sb-divider.gif
bg-actions.gif       bg-registration.jpg  cal_minus.gif
icon-feed.gif        input2.gif      no-thumb-small.jpg   smileys
bg-content.gif       btn-bg.gif           cal_plus.gif
icon-newmessage.gif  letmein.jpg     no-thumb.jpg
stalkdaily.png
bg-current.jpg       button-continue.jpg  cal_reverse.gif
icon-people.gif      livefeed.jpg    no_background.gif
stalkdaily_logo.png
bg-main-content.gif  cal.gif              faded.png
icon-search.gif      login.gif       pale.png             tab.gif
bg-main-content.jpg  cal_close.gif        getyourown.jpg
icon-step.gif        logo-dash.png   rfnetlogo.gif        wheel.png
bg-main.jpg          cal_fastforward.gif  go.gif
icon_reply.gif       logo.png        round-btn-hover.gif

./images/smileys:
blowkiss.gif  cool.gif  drool.gif  happy.gif  huh.gif      rofl.gif
sleepy.gif  squinty.gif    tongue.gif
confused.gif  cry.gif   grin.gif   heart.png  jawdrop.gif  sad.gif
smile.gif   surprised.gif  wink.gif

./include:
config.php  controller.php  functions copy.php  functions.php

./js:
datetimepicker_css.js  farbtastic.js  jquery.js  settings.js
swfobject.js  webcam.js

./member:
add-twitter.php  dashboard.php       delete-upload.php  index.php
 pictures.php  settings.php  snap-save.php  updates.php
videos.php
calendar.php     default.php         edit-details.php   message.php
 public.php    shutter.mp3   snap.php       upload-start.php
comment.php      delete-comment.php  edit.php           message_id.php
 replies.php   smileys.php   stalk.php      upload.php
comments.php     delete-update.php   everyone.php       messages.php
 search.php    sms.php       unstalk.php    uploads.php

./styles:
dashboard.css  design.css  farbtastic.css  home.css  main.css
rfnet.css  tab.css  terms.css

./templates:
add-twitter.tmp     delete.tmp        footer-member.tmp
header-member1.tmp  login.tmp       profile.tmp   settings.tmp
user.tmp
comment.tmp         design.tmp        footer-user.tmp
header-user.tmp     message.tmp     received.tmp  stalk.tmp
video.tmp
dashboard.tmp       edit.tmp          footer.tmp
header-user1.tmp    message_id.tmp  register.tmp  unstalk.tmp
delete-comment.tmp  edit_details.tmp  header-main.tmp    header.tmp
      password.tmp    replies.tmp   upload.tmp
delete-upload.tmp   footer-main.tmp   header-member.tmp  home.tmp
      picture.tmp     sent.tmp      upload_start.tmp
[root@...ver:/home/stalk/www]#
[root@...ver:~]# cd /home/stalk
[root@...ver:/home/stalk]# ls
access-logs                             beta                   etc  m
   mobile      public_html  tmp  www
backup-4.12.2009_19-54-25_stalk.tar.gz  cpbackup-exclude.conf  img
mail  public_ftp  secure       vid
[root@...ver:/home/stalk]# cd www
[root@...ver:/home/stalk/www]# ls
activate.php                            facebook.php
inactive.php  logout.php    register.php  templates   twitter copy.php
 videos.php
admin                                   favicon.ico          include
    member        sms.php       test.html   updateall.php
allinfo.txt                             flash                index.php
    picture.php   stalkers.php  test1.html  updates.php
backup-4.11.2009_20-31-30_stalk.tar.gz  forgot_password.php  js
    pictures.php  stalking.php  test2.html  user.php
error                                   images               login.php
    privacy.php   styles        tos.php     video.php
[root@...ver:/home/stalk/www]# ls -R
.:
activate.php                            facebook.php
inactive.php  logout.php    register.php  templates   twitter copy.php
 videos.php
admin                                   favicon.ico          include
    member        sms.php       test.html   updateall.php
allinfo.txt                             flash                index.php
    picture.php   stalkers.php  test1.html  updates.php
backup-4.11.2009_20-31-30_stalk.tar.gz  forgot_password.php  js
    pictures.php  stalking.php  test2.html  user.php
error                                   images               login.php
    privacy.php   styles        tos.php     video.php

./admin:
deactivate-account.php

./error:
404.php

./flash:
index.html  player.swf  video.flv  webcam.swf

./images:
arr2.gif             bg-nutshell.jpg      cal_fastreverse.gif
icon-check.gif       icon_trash.gif  marker.png
round-btn.gif
background.gif       bg-register.gif      cal_forward.gif
icon-close.gif       input.gif       mask.png
sb-divider.gif
bg-actions.gif       bg-registration.jpg  cal_minus.gif
icon-feed.gif        input2.gif      no-thumb-small.jpg   smileys
bg-content.gif       btn-bg.gif           cal_plus.gif
icon-newmessage.gif  letmein.jpg     no-thumb.jpg
stalkdaily.png
bg-current.jpg       button-continue.jpg  cal_reverse.gif
icon-people.gif      livefeed.jpg    no_background.gif
stalkdaily_logo.png
bg-main-content.gif  cal.gif              faded.png
icon-search.gif      login.gif       pale.png             tab.gif
bg-main-content.jpg  cal_close.gif        getyourown.jpg
icon-step.gif        logo-dash.png   rfnetlogo.gif        wheel.png
bg-main.jpg          cal_fastforward.gif  go.gif
icon_reply.gif       logo.png        round-btn-hover.gif

./images/smileys:
blowkiss.gif  cool.gif  drool.gif  happy.gif  huh.gif      rofl.gif
sleepy.gif  squinty.gif    tongue.gif
confused.gif  cry.gif   grin.gif   heart.png  jawdrop.gif  sad.gif
smile.gif   surprised.gif  wink.gif

./include:
config.php  controller.php  functions copy.php  functions.php

./js:
datetimepicker_css.js  farbtastic.js  jquery.js  settings.js
swfobject.js  webcam.js

./member:
add-twitter.php  dashboard.php       delete-upload.php  index.php
 pictures.php  settings.php  snap-save.php  updates.php
videos.php
calendar.php     default.php         edit-details.php   message.php
 public.php    shutter.mp3   snap.php       upload-start.php
comment.php      delete-comment.php  edit.php           message_id.php
 replies.php   smileys.php   stalk.php      upload.php
comments.php     delete-update.php   everyone.php       messages.php
 search.php    sms.php       unstalk.php    uploads.php

./styles:
dashboard.css  design.css  farbtastic.css  home.css  main.css
rfnet.css  tab.css  terms.css

./templates:
add-twitter.tmp     delete.tmp        footer-member.tmp
header-member1.tmp  login.tmp       profile.tmp   settings.tmp
user.tmp
comment.tmp         design.tmp        footer-user.tmp
header-user.tmp     message.tmp     received.tmp  stalk.tmp
video.tmp
dashboard.tmp       edit.tmp          footer.tmp
header-user1.tmp    message_id.tmp  register.tmp  unstalk.tmp
delete-comment.tmp  edit_details.tmp  header-main.tmp    header.tmp
      password.tmp    replies.tmp   upload.tmp
delete-upload.tmp   footer-main.tmp   header-member.tmp  home.tmp
      picture.tmp     sent.tmp      upload_start.tmp
[root@...ver:/home/stalk/www]#
[root@...ver:/home/stalk/www]# cat allinfo.txt

================================
DreamHost.com
--------------------------------
Email: mikeyydomain@...il.com
Password: 3Vbtf2W9eh
================================

================================
VPSLink iammikeyy@...il.com
--------------------------------
Email:  iammikeyy@...il.com
Password: 7pyd@j98
================================

================================
MichangeloMooney.com VPS
--------------------------------
Username: root
Password: 5c8sfByd@lLi
================================
WHM michangelomooney.com
--------------------------------
Username: root
Password: 5c8sfByd@lLi
--------------------------------
cPanel michangelomooney.com
--------------------------------
Username: mich
Password: p58T4948Rlm4
--------------------------------
cPanel haxyou.com
--------------------------------
Username: haxyou
Password: C6SP@...pZQ7
--------------------------------
cPanel stalkdaily.com
--------------------------------
Username: stalk
Password: Kk|wpzNJ1{Iz
================================

================================
Godaddy
--------------------------------
Customer #: 21854169
Password: f94l24d5gr
================================

================================
Godaddy
--------------------------------
Customer: ryanmonty
Password: 6nE9U8V744
================================

================================
GMail iammikeyy
--------------------------------
Email: iammikeyy@...il.com
Password: !5te@!1!
================================

================================
GMail mikeyylolz
---------------------------------
Email: mikeyylolz@...il.com
Password: s92dv5755@
================================

================================
GMail mikeyydomain
--------------------------------
Email: mikeyydomain@...il.com
Password: l6qfrk2a@n
================================

AIM mikeyylolz
--------------------------------
Username: mikeyylolz
Password: kql711xu9i
================================

================================
AIM AhmedShieb
--------------------------------
Username: AhmedShieb
Password: j9!e@...K@
================================

================================
Skype
--------------------------------
Username: iammikeyy
Password: 4r!1wm$n77
================================

================================
Buzznet
--------------------------------
Username: Mikeyy
Password: @m4!7v@4g6
================================

================================
Mac.com
--------------------------------
Apple ID: iammikeyy@...il.com
Password: b8!@...c
================================

================================
GitHub
--------------------------------
GitHub: mikeyy
Password: q72u@...h9Sr8e3
================================

zkC76q
hc2tf4
!@...1$J$6

[root@...ver:/home/stalk/etc/stalkdaily.com/@...ache]# cat admin
passwd:$1$LQc5CR6e$TdpENNsniC.ySpKAfkTCc0
quota:262144000
digest-ha1:f8179a560175009f635d8127ad3f193f
strength:100
lastchanged:14328

Content of type "text/html" skipped

_______________________________________________
Full-Disclosure - We believe in it.
Charter: http://lists.grok.org.uk/full-disclosure-charter.html
Hosted and sponsored by Secunia - http://secunia.com/
